[ERROR] COMPILATION ERROR : 
[ERROR] /C:/Users/manis/Documents/infosys/medsyncpro-backend/src/main/java/com/medsyncpro/controller/DoctorController.java:[16,34] cannot find symbol
  symbol:   class SignatureRequest
  location: package com.medsyncpro.dto.request
[ERROR] /C:/Users/manis/Documents/infosys/medsyncpro-backend/src/main/java/com/medsyncpro/controller/DoctorController.java:[20,35] cannot find symbol
  symbol:   class SignatureResponse
  location: package com.medsyncpro.dto.response
[ERROR] /C:/Users/manis/Documents/infosys/medsyncpro-backend/src/main/java/com/medsyncpro/service/DoctorService.java:[22,35] cannot find symbol
  symbol:   class SignatureResponse
  location: package com.medsyncpro.dto.response
[ERROR] Failed to execute goal org.apache.maven.plugins:maven-compiler-plugin:3.15.0:compile (default-compile) on project medsyncpro: Compilation failure: Compilation failure: 
[ERROR] /C:/Users/manis/Documents/infosys/medsyncpro-backend/src/main/java/com/medsyncpro/controller/DoctorController.java:[16,34] cannot find symbol
[ERROR]   symbol:   class SignatureRequest
[ERROR]   location: package com.medsyncpro.dto.request
[ERROR] /C:/Users/manis/Documents/infosys/medsyncpro-backend/src/main/java/com/medsyncpro/controller/DoctorController.java:[20,35] cannot find symbol
[ERROR]   symbol:   class SignatureResponse
[ERROR]   location: package com.medsyncpro.dto.response
[ERROR] /C:/Users/manis/Documents/infosys/medsyncpro-backend/src/main/java/com/medsyncpro/service/DoctorService.java:[22,35] cannot find symbol
[ERROR]   symbol:   class SignatureResponse
[ERROR]   location: package com.medsyncpro.dto.response
[ERROR] -> [Help 1]
[ERROR] 
[ERROR] To see the full stack trace of the errors, re-run Maven with the -e switch.
[ERROR] Re-run Maven using the -X switch to enable full debug logging.
[ERROR] 
[ERROR] For more information about the errors and possible solutions, please read the following articles:
[ERROR] [Help 1] http://cwiki.apache.org/confluence/display/MAVEN/MojoFailureException
